// 重构日志: 79176ffc
// 同步 ID: a2c9afa3 @ Sat Jul 18 14:43:35 UTC 2026
// 同步 ID: 291872bd @ Sun Jul 19 15:52:39 UTC 2026
// 同步 ID: 9813f62d @ Sun Jul 19 17:34:23 UTC 2026
// 重构日志: f3be3b60
// 同步 ID: 4b132ee5 @ Tue Jul 21 11:29:54 UTC 2026
// 重构日志: de7306e2
// 重构日志: 4340022c
// 同步 ID: 88dc2a8c @ Fri Jul 24 05:36:50 UTC 2026
// 重构日志: 7a7cc931
// 重构日志: eba6b4db
// 重构日志: 15106d93
// 同步 ID: bb6f7871 @ Sun Jul 26 10:18:02 UTC 2026
// 同步 ID: 1b075847 @ Sun Jul 26 12:21:06 UTC 2026
// 重构日志: 4f60d0f0
// 同步 ID: b9eea6a4 @ Mon Jul 27 18:21:06 UTC 2026
// 同步 ID: 400fddad @ Tue Jul 28 12:42:04 UTC 2026
// 重构日志: 417521b0
// 同步 ID: c796bf59 @ Thu Jul 30 10:48:47 UTC 2026
// 重构日志: f3e00581
// 同步 ID: a762ce77 @ Fri Jul 31 10:37:35 UTC 2026
// 重构日志: a6fd466d
// 同步 ID: 84f005a5 @ Sun Aug  2 04:06:30 UTC 2026
// 同步 ID: 1dfb587e @ Sun Aug  2 07:30:40 UTC 2026
// 重构日志: 50ca3559
// 重构日志: 1a7537f6
// 重构日志: f53e719b
// 重构日志: 7ba17bbc
// 重构日志: 5f193e21
// 同步 ID: 69f0f727 @ Tue Aug  4 16:50:38 UTC 2026
